AR vga_640x480 vga_640x480 C:/Users/Propietario/Desktop/vga_640x480.vhd sub00/vhpl01 1556850951
EN top_vga NULL C:/Users/Propietario/Desktop/top_vga.vhd sub00/vhpl06 1556850958
EN lectura NULL C:/Users/Propietario/Desktop/DLP/ControladorVGA_FPGA/VGA/Lectura.vhd sub00/vhpl08 1556850956
EN video NULL C:/Users/Propietario/Desktop/video.vhd sub00/vhpl02 1556850952
EN clkdiv NULL C:/Users/Propietario/Desktop/clkdiv.vhd sub00/vhpl04 1556850954
AR clkdiv clkdiv C:/Users/Propietario/Desktop/clkdiv.vhd sub00/vhpl05 1556850955
EN vga_640x480 NULL C:/Users/Propietario/Desktop/vga_640x480.vhd sub00/vhpl00 1556850950
AR top_vga top_vga C:/Users/Propietario/Desktop/top_vga.vhd sub00/vhpl07 1556850959
AR lectura arch C:/Users/Propietario/Desktop/DLP/ControladorVGA_FPGA/VGA/Lectura.vhd sub00/vhpl09 1556850957
AR video video C:/Users/Propietario/Desktop/video.vhd sub00/vhpl03 1556850953
