AR vga_640x480 vga_640x480 C:/Users/Propietario/Desktop/DLP/ControladorVGA_FPGA/VGA/vga_640x480.vhd sub00/vhpl01 1557420164
EN top_vga NULL C:/Users/Propietario/Desktop/DLP/ControladorVGA_FPGA/VGA/top_vga.vhd sub00/vhpl06 1557420171
EN lectura NULL C:/Users/Propietario/Desktop/DLP/ControladorVGA_FPGA/VGA/Lectura.vhd sub00/vhpl08 1557420169
EN video NULL C:/Users/Propietario/Desktop/DLP/ControladorVGA_FPGA/VGA/video.vhd sub00/vhpl02 1557420165
EN clkdiv NULL C:/Users/Propietario/Desktop/DLP/ControladorVGA_FPGA/VGA/clkdiv.vhd sub00/vhpl04 1557420167
AR clkdiv clkdiv C:/Users/Propietario/Desktop/DLP/ControladorVGA_FPGA/VGA/clkdiv.vhd sub00/vhpl05 1557420168
EN vga_640x480 NULL C:/Users/Propietario/Desktop/DLP/ControladorVGA_FPGA/VGA/vga_640x480.vhd sub00/vhpl00 1557420163
AR top_vga top_vga C:/Users/Propietario/Desktop/DLP/ControladorVGA_FPGA/VGA/top_vga.vhd sub00/vhpl07 1557420172
AR lectura arch C:/Users/Propietario/Desktop/DLP/ControladorVGA_FPGA/VGA/Lectura.vhd sub00/vhpl09 1557420170
AR video video C:/Users/Propietario/Desktop/DLP/ControladorVGA_FPGA/VGA/video.vhd sub00/vhpl03 1557420166
